// Jest Snapshot v1, https://goo.gl/fbAQLP

exports[`Render Input Snapshot and Match 1`] = `<input />`;
