// Jest Snapshot v1, https://goo.gl/fbAQLP

exports[`Render Home Snapshot and Match 1`] = `
<a
  href="/login"
  onClick={[Function]}
>
  <button
    className="chakra-button css-5c2176"
    type="button"
  >
    Go to Login
  </button>
</a>
`;
