// Jest Snapshot v1, https://goo.gl/fbAQLP

exports[`Render Button Snapshot and Match 1`] = `
<button>
  Hello
</button>
`;
