// Jest Snapshot v1, https://goo.gl/fbAQLP

exports[`Render Login Snapshot and Match 1`] = `
<a
  href="/"
  onClick={[Function]}
>
  <button
    className="chakra-button css-5c2176"
    type="button"
  >
    Go to Home
  </button>
</a>
`;
